Archive member included to satisfy reference by file (symbol)

d:/nuclei_studio/nucleistudio/toolchain/gcc/bin/../lib/gcc/riscv-nuclei-elf/9.2.0/rv32imac/ilp32\libgcc.a(_udivdi3.o)
                              ./hbird_sdk/SoC/hbirdv2/Common/Source/Stubs/gettimeofday.o (__udivdi3)
d:/nuclei_studio/nucleistudio/toolchain/gcc/bin/../lib/gcc/riscv-nuclei-elf/9.2.0/rv32imac/ilp32\libgcc.a(_umoddi3.o)
                              ./hbird_sdk/SoC/hbirdv2/Common/Source/Stubs/gettimeofday.o (__umoddi3)
d:/nuclei_studio/nucleistudio/toolchain/gcc/bin/../lib/gcc/riscv-nuclei-elf/9.2.0/rv32imac/ilp32\libgcc.a(muldi3.o)
                              ./hbird_sdk/SoC/hbirdv2/Common/Source/hbirdv2_common.o (__mulsi3)
d:/nuclei_studio/nucleistudio/toolchain/gcc/bin/../lib/gcc/riscv-nuclei-elf/9.2.0/rv32imac/ilp32\libgcc.a(div.o)
                              ./hbird_sdk/SoC/hbirdv2/Common/Source/Stubs/clock_getres.o (__udivsi3)
d:/nuclei_studio/nucleistudio/toolchain/gcc/bin/../lib/gcc/riscv-nuclei-elf/9.2.0/rv32imac/ilp32\libgcc.a(_clz.o)
                              d:/nuclei_studio/nucleistudio/toolchain/gcc/bin/../lib/gcc/riscv-nuclei-elf/9.2.0/rv32imac/ilp32\libgcc.a(_udivdi3.o) (__clz_tab)
d:/nuclei_studio/nucleistudio/toolchain/gcc/bin/../lib/gcc/riscv-nuclei-elf/9.2.0/../../../../riscv-nuclei-elf/lib/rv32imac/ilp32\libg_nano.a(lib_a-atexit.o)
                              ./hbird_sdk/SoC/hbirdv2/Common/Source/GCC/startup_hbirdv2.o (atexit)
d:/nuclei_studio/nucleistudio/toolchain/gcc/bin/../lib/gcc/riscv-nuclei-elf/9.2.0/../../../../riscv-nuclei-elf/lib/rv32imac/ilp32\libg_nano.a(lib_a-fini.o)
                              ./hbird_sdk/SoC/hbirdv2/Common/Source/GCC/startup_hbirdv2.o (__libc_fini_array)
d:/nuclei_studio/nucleistudio/toolchain/gcc/bin/../lib/gcc/riscv-nuclei-elf/9.2.0/../../../../riscv-nuclei-elf/lib/rv32imac/ilp32\libg_nano.a(lib_a-init.o)
                              ./hbird_sdk/SoC/hbirdv2/Common/Source/GCC/startup_hbirdv2.o (__libc_init_array)
d:/nuclei_studio/nucleistudio/toolchain/gcc/bin/../lib/gcc/riscv-nuclei-elf/9.2.0/../../../../riscv-nuclei-elf/lib/rv32imac/ilp32\libg_nano.a(lib_a-memcpy.o)
                              ./application/tinyaes_c.o (memcpy)
d:/nuclei_studio/nucleistudio/toolchain/gcc/bin/../lib/gcc/riscv-nuclei-elf/9.2.0/../../../../riscv-nuclei-elf/lib/rv32imac/ilp32\libg_nano.a(lib_a-printf.o)
                              ./hbird_sdk/SoC/hbirdv2/Common/Source/system_hbirdv2.o (printf)
d:/nuclei_studio/nucleistudio/toolchain/gcc/bin/../lib/gcc/riscv-nuclei-elf/9.2.0/../../../../riscv-nuclei-elf/lib/rv32imac/ilp32\libg_nano.a(lib_a-putchar.o)
                              ./application/main.o (putchar)
d:/nuclei_studio/nucleistudio/toolchain/gcc/bin/../lib/gcc/riscv-nuclei-elf/9.2.0/../../../../riscv-nuclei-elf/lib/rv32imac/ilp32\libg_nano.a(lib_a-putc.o)
                              d:/nuclei_studio/nucleistudio/toolchain/gcc/bin/../lib/gcc/riscv-nuclei-elf/9.2.0/../../../../riscv-nuclei-elf/lib/rv32imac/ilp32\libg_nano.a(lib_a-putchar.o) (_putc_r)
d:/nuclei_studio/nucleistudio/toolchain/gcc/bin/../lib/gcc/riscv-nuclei-elf/9.2.0/../../../../riscv-nuclei-elf/lib/rv32imac/ilp32\libg_nano.a(lib_a-puts.o)
                              ./hbird_sdk/SoC/hbirdv2/Common/Source/system_hbirdv2.o (puts)
d:/nuclei_studio/nucleistudio/toolchain/gcc/bin/../lib/gcc/riscv-nuclei-elf/9.2.0/../../../../riscv-nuclei-elf/lib/rv32imac/ilp32\libg_nano.a(lib_a-reent.o)
                              ./hbird_sdk/SoC/hbirdv2/Common/Source/Stubs/close.o (errno)
d:/nuclei_studio/nucleistudio/toolchain/gcc/bin/../lib/gcc/riscv-nuclei-elf/9.2.0/../../../../riscv-nuclei-elf/lib/rv32imac/ilp32\libg_nano.a(lib_a-sysisatty.o)
                              ./hbird_sdk/SoC/hbirdv2/Common/Source/Stubs/write.o (isatty)
d:/nuclei_studio/nucleistudio/toolchain/gcc/bin/../lib/gcc/riscv-nuclei-elf/9.2.0/../../../../riscv-nuclei-elf/lib/rv32imac/ilp32\libg_nano.a(lib_a-wbuf.o)
                              d:/nuclei_studio/nucleistudio/toolchain/gcc/bin/../lib/gcc/riscv-nuclei-elf/9.2.0/../../../../riscv-nuclei-elf/lib/rv32imac/ilp32\libg_nano.a(lib_a-putc.o) (__swbuf_r)
d:/nuclei_studio/nucleistudio/toolchain/gcc/bin/../lib/gcc/riscv-nuclei-elf/9.2.0/../../../../riscv-nuclei-elf/lib/rv32imac/ilp32\libg_nano.a(lib_a-wsetup.o)
                              d:/nuclei_studio/nucleistudio/toolchain/gcc/bin/../lib/gcc/riscv-nuclei-elf/9.2.0/../../../../riscv-nuclei-elf/lib/rv32imac/ilp32\libg_nano.a(lib_a-puts.o) (__swsetup_r)
d:/nuclei_studio/nucleistudio/toolchain/gcc/bin/../lib/gcc/riscv-nuclei-elf/9.2.0/../../../../riscv-nuclei-elf/lib/rv32imac/ilp32\libg_nano.a(lib_a-__atexit.o)
                              d:/nuclei_studio/nucleistudio/toolchain/gcc/bin/../lib/gcc/riscv-nuclei-elf/9.2.0/../../../../riscv-nuclei-elf/lib/rv32imac/ilp32\libg_nano.a(lib_a-atexit.o) (__register_exitproc)
[...]
Memory Configuration

Name             Origin             Length             Attributes
ilm              0x0000000080000000 0x0000000000010000 axrl !w
ram              0x0000000090000000 0x0000000000010000 axw !rl
*default*        0x0000000000000000 0xffffffffffffffff

Linker script and memory map

LOAD ./hbird_sdk/SoC/hbirdv2/Common/Source/Stubs/clock_getres.o
LOAD ./hbird_sdk/SoC/hbirdv2/Common/Source/Stubs/clock_gettime.o
LOAD ./hbird_sdk/SoC/hbirdv2/Common/Source/Stubs/clock_settime.o
LOAD ./hbird_sdk/SoC/hbirdv2/Common/Source/Stubs/close.o
LOAD ./hbird_sdk/SoC/hbirdv2/Common/Source/Stubs/execve.o
LOAD ./hbird_sdk/SoC/hbirdv2/Common/Source/Stubs/exit.o
LOAD ./hbird_sdk/SoC/hbirdv2/Common/Source/Stubs/fork.o
LOAD ./hbird_sdk/SoC/hbirdv2/Common/Source/Stubs/fstat.o
LOAD ./hbird_sdk/SoC/hbirdv2/Common/Source/Stubs/getpid.o
LOAD ./hbird_sdk/SoC/hbirdv2/Common/Source/Stubs/gettimeofday.o
LOAD ./hbird_sdk/SoC/hbirdv2/Common/Source/Stubs/isatty.o
LOAD ./hbird_sdk/SoC/hbirdv2/Common/Source/Stubs/kill.o
LOAD ./hbird_sdk/SoC/hbirdv2/Common/Source/Stubs/link.o
LOAD ./hbird_sdk/SoC/hbirdv2/Common/Source/Stubs/lseek.o
LOAD ./hbird_sdk/SoC/hbirdv2/Common/Source/Stubs/open.o
LOAD ./hbird_sdk/SoC/hbirdv2/Common/Source/Stubs/read.o
LOAD ./hbird_sdk/SoC/hbirdv2/Common/Source/Stubs/sbrk.o
LOAD ./hbird_sdk/SoC/hbirdv2/Common/Source/Stubs/stat.o
LOAD ./hbird_sdk/SoC/hbirdv2/Common/Source/Stubs/times.o
LOAD ./hbird_sdk/SoC/hbirdv2/Common/Source/Stubs/unlink.o
LOAD ./hbird_sdk/SoC/hbirdv2/Common/Source/Stubs/wait.o
LOAD ./hbird_sdk/SoC/hbirdv2/Common/Source/Stubs/write.o
LOAD ./hbird_sdk/SoC/hbirdv2/Common/Source/GCC/intexc_hbirdv2.o
LOAD ./hbird_sdk/SoC/hbirdv2/Common/Source/GCC/startup_hbirdv2.o
LOAD ./hbird_sdk/SoC/hbirdv2/Common/Source/Drivers/hbirdv2_gpio.o
LOAD ./hbird_sdk/SoC/hbirdv2/Common/Source/Drivers/hbirdv2_i2c.o
LOAD ./hbird_sdk/SoC/hbirdv2/Common/Source/Drivers/hbirdv2_pwm.o
LOAD ./hbird_sdk/SoC/hbirdv2/Common/Source/Drivers/hbirdv2_spi.o
LOAD ./hbird_sdk/SoC/hbirdv2/Common/Source/Drivers/hbirdv2_uart.o
LOAD ./hbird_sdk/SoC/hbirdv2/Common/Source/Drivers/htif.o
LOAD ./hbird_sdk/SoC/hbirdv2/Common/Source/hbirdv2_common.o
LOAD ./hbird_sdk/SoC/hbirdv2/Common/Source/system_hbirdv2.o
LOAD ./application/aes.o
LOAD ./application/aes32_enc.o
LOAD ./application/main.o
LOAD ./application/tinyaes_c.o
LOAD d:/nuclei_studio/nucleistudio/toolchain/gcc/bin/../lib/gcc/riscv-nuclei-elf/9.2.0/../../../../riscv-nuclei-elf/lib/rv32imac/ilp32\libstdc++.a
LOAD d:/nuclei_studio/nucleistudio/toolchain/gcc/bin/../lib/gcc/riscv-nuclei-elf/9.2.0/../../../../riscv-nuclei-elf/lib/rv32imac/ilp32\libstdc++.a
LOAD d:/nuclei_studio/nucleistudio/toolchain/gcc/bin/../lib/gcc/riscv-nuclei-elf/9.2.0/../../../../riscv-nuclei-elf/lib/rv32imac/ilp32\libm.a
LOAD d:/nuclei_studio/nucleistudio/toolchain/gcc/bin/../lib/gcc/riscv-nuclei-elf/9.2.0/rv32imac/ilp32\libgcc.a
LOAD d:/nuclei_studio/nucleistudio/toolchain/gcc/bin/../lib/gcc/riscv-nuclei-elf/9.2.0/../../../../riscv-nuclei-elf/lib/rv32imac/ilp32\libg_nano.a
LOAD d:/nuclei_studio/nucleistudio/toolchain/gcc/bin/../lib/gcc/riscv-nuclei-elf/9.2.0/../../../../riscv-nuclei-elf/lib/rv32imac/ilp32\libc_nano.a
LOAD d:/nuclei_studio/nucleistudio/toolchain/gcc/bin/../lib/gcc/riscv-nuclei-elf/9.2.0/rv32imac/ilp32\libgcc.a
START GROUP
LOAD d:/nuclei_studio/nucleistudio/toolchain/gcc/bin/../lib/gcc/riscv-nuclei-elf/9.2.0/rv32imac/ilp32\libgcc.a
LOAD d:/nuclei_studio/nucleistudio/toolchain/gcc/bin/../lib/gcc/riscv-nuclei-elf/9.2.0/../../../../riscv-nuclei-elf/lib/rv32imac/ilp32\libc_nano.a
LOAD d:/nuclei_studio/nucleistudio/toolchain/gcc/bin/../lib/gcc/riscv-nuclei-elf/9.2.0/../../../../riscv-nuclei-elf/lib/rv32imac/ilp32\libnosys.a
END GROUP
START GROUP
LOAD d:/nuclei_studio/nucleistudio/toolchain/gcc/bin/../lib/gcc/riscv-nuclei-elf/9.2.0/rv32imac/ilp32\libgcc.a
LOAD d:/nuclei_studio/nucleistudio/toolchain/gcc/bin/../lib/gcc/riscv-nuclei-elf/9.2.0/../../../../riscv-nuclei-elf/lib/rv32imac/ilp32\libc_nano.a
LOAD d:/nuclei_studio/nucleistudio/toolchain/gcc/bin/../lib/gcc/riscv-nuclei-elf/9.2.0/../../../../riscv-nuclei-elf/lib/rv32imac/ilp32\libnosys.a
END GROUP
                0x0000000000000800                __stack_size = DEFINED (__stack_size)?__stack_size:0x800

.init           0x0000000080000000       0xcc
 *(.vtable)
 *(SORT_NONE(.init))
 .init          0x0000000080000000       0xcc ./hbird_sdk/SoC/hbirdv2/Common/Source/GCC/startup_hbirdv2.o
                0x0000000080000000                _start

.ilalign        0x00000000800000cc        0x0
                0x00000000800000cc                . = ALIGN (0x4)
                0x00000000800000cc                PROVIDE (_ilm_lma = .)

.ialign         0x00000000800000cc        0x0
                0x00000000800000cc                PROVIDE (_ilm = .)

.text           0x00000000800000cc     0x39fc
 *(.text.unlikely .text.unlikely.*)
 *(.text.startup .text.startup.*)
 *(.text .text.*)
 .text._close   0x00000000800000cc       0x30 ./hbird_sdk/SoC/hbirdv2/Common/Source/Stubs/close.o
                0x00000000800000cc                _close
 .text._fstat   0x00000000800000fc       0x60 ./hbird_sdk/SoC/hbirdv2/Common/Source/Stubs/fstat.o
                0x00000000800000fc                _fstat
 .text._isatty  0x000000008000015c       0x24 ./hbird_sdk/SoC/hbirdv2/Common/Source/Stubs/isatty.o
                0x000000008000015c                _isatty
 .text._lseek   0x0000000080000180       0x2c ./hbird_sdk/SoC/hbirdv2/Common/Source/Stubs/lseek.o
                0x0000000080000180                _lseek
 .text._read    0x00000000800001ac       0x64 ./hbird_sdk/SoC/hbirdv2/Common/Source/Stubs/read.o
                0x00000000800001ac                _read
 .text._sbrk    0x0000000080000210       0x9c ./hbird_sdk/SoC/hbirdv2/Common/Source/Stubs/sbrk.o
                0x0000000080000210                _sbrk
 .text._write   0x00000000800002ac       0xb4 ./hbird_sdk/SoC/hbirdv2/Common/Source/Stubs/write.o
                0x00000000800002ac                _write
 .text.trap     0x0000000080000360       0xd0 ./hbird_sdk/SoC/hbirdv2/Common/Source/GCC/intexc_hbirdv2.o
                0x0000000080000360                trap_entry
 .text.gpio_iof_config
                0x0000000080000430       0x58 ./hbird_sdk/SoC/hbirdv2/Common/Source/Drivers/hbirdv2_gpio.o
                0x0000000080000430                gpio_iof_config
 .text.uart_init
                0x0000000080000488       0xb4 ./hbird_sdk/SoC/hbirdv2/Common/Source/Drivers/hbirdv2_uart.o
                0x0000000080000488                uart_init
 .text.uart_write
                0x000000008000053c       0x64 ./hbird_sdk/SoC/hbirdv2/Common/Source/Drivers/hbirdv2_uart.o
                0x000000008000053c                uart_write
 .text.uart_read
                0x00000000800005a0       0x60 ./hbird_sdk/SoC/hbirdv2/Common/Source/Drivers/hbirdv2_uart.o
                0x00000000800005a0                uart_read
 .text.get_timer_freq
                0x0000000080000600       0x20 ./hbird_sdk/SoC/hbirdv2/Common/Source/hbirdv2_common.o
 .text.measure_cpu_freq
                0x0000000080000620      0x124 ./hbird_sdk/SoC/hbirdv2/Common/Source/hbirdv2_common.o
                0x0000000080000620                measure_cpu_freq
 .text.get_cpu_freq
                0x0000000080000744       0x3c ./hbird_sdk/SoC/hbirdv2/Common/Source/hbirdv2_common.o
                0x0000000080000744                get_cpu_freq
 .text.delay_1ms
                0x0000000080000780       0xe4 ./hbird_sdk/SoC/hbirdv2/Common/Source/hbirdv2_common.o
                0x0000000080000780                delay_1ms
 .text.SystemInit
                0x0000000080000864       0x30 ./hbird_sdk/SoC/hbirdv2/Common/Source/system_hbirdv2.o
                0x0000000080000864                SystemInit
 .text.system_default_exception_handler
                0x0000000080000894       0x70 ./hbird_sdk/SoC/hbirdv2/Common/Source/system_hbirdv2.o
 .text.system_default_interrupt_handler
                0x0000000080000904       0x80 ./hbird_sdk/SoC/hbirdv2/Common/Source/system_hbirdv2.o
 .text.Exception_Init
                0x0000000080000984       0x60 ./hbird_sdk/SoC/hbirdv2/Common/Source/system_hbirdv2.o
 .text.Interrupt_Init
                0x00000000800009e4       0x9c ./hbird_sdk/SoC/hbirdv2/Common/Source/system_hbirdv2.o
 .text.core_trap_handler
                0x0000000080000a80      0x15c ./hbird_sdk/SoC/hbirdv2/Common/Source/system_hbirdv2.o
                0x0000000080000a80                core_trap_handler
 .text.core_exception_handler
                0x0000000080000bdc       0x94 ./hbird_sdk/SoC/hbirdv2/Common/Source/system_hbirdv2.o
 .text.SystemBannerPrint
                0x0000000080000c70       0x5c ./hbird_sdk/SoC/hbirdv2/Common/Source/system_hbirdv2.o
                0x0000000080000c70                SystemBannerPrint
 .text._premain_init
                0x0000000080000ccc      0x178 ./hbird_sdk/SoC/hbirdv2/Common/Source/system_hbirdv2.o
                0x0000000080000ccc                _premain_init
 .text._postmain_fini
                0x0000000080000e44       0x20 ./hbird_sdk/SoC/hbirdv2/Common/Source/system_hbirdv2.o
                0x0000000080000e44                _postmain_fini
 .text._init    0x0000000080000e64       0x1c ./hbird_sdk/SoC/hbirdv2/Common/Source/system_hbirdv2.o
                0x0000000080000e64                _init
 .text._fini    0x0000000080000e80       0x1c ./hbird_sdk/SoC/hbirdv2/Common/Source/system_hbirdv2.o
                0x0000000080000e80                _fini
 .text          0x0000000080000e9c      0x332 ./application/aes32_enc.o
                0x0000000080000e9c                aes128_enc_key
                0x0000000080000f18                aes_enc_optimized1
                0x0000000080001030                aes_enc_optimized2
                0x0000000080001094                aes_enc_rounds
 .text.phex     0x00000000800011ce       0x5a ./application/main.o
 .text.normal_case
                0x0000000080001228       0x86 ./application/main.o
 .text.main     0x00000000800012ae      0x5e4 ./application/main.o
                0x00000000800012ae                main
 *fill*         0x0000000080001892        0x2 
 .text.KeyExpansion
                0x0000000080001894      0x340 ./application/tinyaes_c.o
 .text.AES_init_ctx
                0x0000000080001bd4       0x3c ./application/tinyaes_c.o
                0x0000000080001bd4                AES_init_ctx
 .text.AddRoundKey
                0x0000000080001c10       0xdc ./application/tinyaes_c.o
 .text.SubBytes
                0x0000000080001cec       0xb0 ./application/tinyaes_c.o
 .text.ShiftRows
                0x0000000080001d9c      0x100 ./application/tinyaes_c.o
 .text.xtime    0x0000000080001e9c       0x70 ./application/tinyaes_c.o
 .text.MixColumns
                0x0000000080001f0c      0x2cc ./application/tinyaes_c.o
 .text.Cipher   0x00000000800021d8       0xa4 ./application/tinyaes_c.o
 .text.AES_ECB_encrypt
                0x000000008000227c       0x3c ./application/tinyaes_c.o
                0x000000008000227c                AES_ECB_encrypt
 .text          0x00000000800022b8      0x364 d:/nuclei_studio/nucleistudio/toolchain/gcc/bin/../lib/gcc/riscv-nuclei-elf/9.2.0/rv32imac/ilp32\libgcc.a(_udivdi3.o)
                0x00000000800022b8                __udivdi3
 .text          0x000000008000261c       0x16 d:/nuclei_studio/nucleistudio/toolchain/gcc/bin/../lib/gcc/riscv-nuclei-elf/9.2.0/rv32imac/ilp32\libgcc.a(muldi3.o)
                0x000000008000261c                __mulsi3
 *fill*         0x0000000080002632        0x2 
 .text          0x0000000080002634       0x7e d:/nuclei_studio/nucleistudio/toolchain/gcc/bin/../lib/gcc/riscv-nuclei-elf/9.2.0/rv32imac/ilp32\libgcc.a(div.o)
                0x0000000080002634                __divsi3
                0x000000008000263c                __udivsi3
                0x0000000080002668                __umodsi3
                0x000000008000268c                __modsi3
 .text.atexit   0x00000000800026b2        0xa d:/nuclei_studio/nucleistudio/toolchain/gcc/bin/../lib/gcc/riscv-nuclei-elf/9.2.0/../../../../riscv-nuclei-elf/lib/rv32imac/ilp32\libg_nano.a(lib_a-atexit.o)
                0x00000000800026b2                atexit
 .text.__libc_fini_array
                0x00000000800026bc       0x3a d:/nuclei_studio/nucleistudio/toolchain/gcc/bin/../lib/gcc/riscv-nuclei-elf/9.2.0/../../../../riscv-nuclei-elf/lib/rv32imac/ilp32\libg_nano.a(lib_a-fini.o)
                0x00000000800026bc                __libc_fini_array
 .text.__libc_init_array
                0x00000000800026f6       0x6e d:/nuclei_studio/nucleistudio/toolchain/gcc/bin/../lib/gcc/riscv-nuclei-elf/9.2.0/../../../../riscv-nuclei-elf/lib/rv32imac/ilp32\libg_nano.a(lib_a-init.o)
                0x00000000800026f6                __libc_init_array
 .text.printf   0x0000000080002764       0x3a d:/nuclei_studio/nucleistudio/toolchain/gcc/bin/../lib/gcc/riscv-nuclei-elf/9.2.0/../../../../riscv-nuclei-elf/lib/rv32imac/ilp32\libg_nano.a(lib_a-printf.o)
                0x0000000080002764                iprintf
                0x0000000080002764                printf
 .text.putchar  0x000000008000279e       0x26 d:/nuclei_studio/nucleistudio/toolchain/gcc/bin/../lib/gcc/riscv-nuclei-elf/9.2.0/../../../../riscv-nuclei-elf/lib/rv32imac/ilp32\libg_nano.a(lib_a-putchar.o)
                0x000000008000279e                putchar
 .text._putc_r  0x00000000800027c4       0x82 d:/nuclei_studio/nucleistudio/toolchain/gcc/bin/../lib/gcc/riscv-nuclei-elf/9.2.0/../../../../riscv-nuclei-elf/lib/rv32imac/ilp32\libg_nano.a(lib_a-putc.o)
                0x00000000800027c4                _putc_r
 .text._puts_r  0x0000000080002846       0xda d:/nuclei_studio/nucleistudio/toolchain/gcc/bin/../lib/gcc/riscv-nuclei-elf/9.2.0/../../../../riscv-nuclei-elf/lib/rv32imac/ilp32\libg_nano.a(lib_a-puts.o)
                0x0000000080002846                _puts_r
 .text.puts     0x0000000080002920        0x8 d:/nuclei_studio/nucleistudio/toolchain/gcc/bin/../lib/gcc/riscv-nuclei-elf/9.2.0/../../../../riscv-nuclei-elf/lib/rv32imac/ilp32\libg_nano.a(lib_a-puts.o)
                0x0000000080002920                puts
 .text.isatty   0x0000000080002928        0x4 d:/nuclei_studio/nucleistudio/toolchain/gcc/bin/../lib/gcc/riscv-nuclei-elf/9.2.0/../../../../riscv-nuclei-elf/lib/rv32imac/ilp32\libg_nano.a(lib_a-sysisatty.o)
                0x0000000080002928                isatty
 .text.__swbuf_r
                0x000000008000292c       0xc0 d:/nuclei_studio/nucleistudio/toolchain/gcc/bin/../lib/gcc/riscv-nuclei-elf/9.2.0/../../../../riscv-nuclei-elf/lib/rv32imac/ilp32\libg_nano.a(lib_a-wbuf.o)
                0x000000008000292c                __swbuf_r
 .text.__swsetup_r
                0x00000000800029ec      0x106 d:/nuclei_studio/nucleistudio/toolchain/gcc/bin/../lib/gcc/riscv-nuclei-elf/9.2.0/../../../../riscv-nuclei-elf/lib/rv32imac/ilp32\libg_nano.a(lib_a-wsetup.o)
                0x00000000800029ec                __swsetup_r
 .text.__register_exitproc
                0x0000000080002af2       0x78 d:/nuclei_studio/nucleistudio/toolchain/gcc/bin/../lib/gcc/riscv-nuclei-elf/9.2.0/../../../../riscv-nuclei-elf/lib/rv32imac/ilp32\libg_nano.a(lib_a-__atexit.o)
                0x0000000080002af2                __register_exitproc
 .text.__sflush_r
                0x0000000080002b6a      0x14a d:/nuclei_studio/nucleistudio/toolchain/gcc/bin/../lib/gcc/riscv-nuclei-elf/9.2.0/../../../../riscv-nuclei-elf/lib/rv32imac/ilp32\libg_nano.a(lib_a-fflush.o)
                0x0000000080002b6a                __sflush_r
 .text._fflush_r
                0x0000000080002cb4       0x64 d:/nuclei_studio/nucleistudio/toolchain/gcc/bin/../lib/gcc/riscv-nuclei-elf/9.2.0/../../../../riscv-nuclei-elf/lib/rv32imac/ilp32\libg_nano.a(lib_a-fflush.o)
                0x0000000080002cb4                _fflush_r
 .text.std      0x0000000080002d18       0x68 d:/nuclei_studio/nucleistudio/toolchain/gcc/bin/../lib/gcc/riscv-nuclei-elf/9.2.0/../../../../riscv-nuclei-elf/lib/rv32imac/ilp32\libg_nano.a(lib_a-findfp.o)
 .text._cleanup_r
                0x0000000080002d80        0xa d:/nuclei_studio/nucleistudio/toolchain/gcc/bin/../lib/gcc/riscv-nuclei-elf/9.2.0/../../../../riscv-nuclei-elf/lib/rv32imac/ilp32\libg_nano.a(lib_a-findfp.o)
                0x0000000080002d80                _cleanup_r
 .text.__sfmoreglue
                0x0000000080002d8a       0x44 d:/nuclei_studio/nucleistudio/toolchain/gcc/bin/../lib/gcc/riscv-nuclei-elf/9.2.0/../../../../riscv-nuclei-elf/lib/rv32imac/ilp32\libg_nano.a(lib_a-findfp.o)
                0x0000000080002d8a                __sfmoreglue
 .text.__sinit  0x0000000080002dce       0x66 d:/nuclei_studio/nucleistudio/toolchain/gcc/bin/../lib/gcc/riscv-nuclei-elf/9.2.0/../../../../riscv-nuclei-elf/lib/rv32imac/ilp32\libg_nano.a(lib_a-findfp.o)
                0x0000000080002dce                __sinit
 .text.__sfp    0x0000000080002e34       0x98 d:/nuclei_studio/nucleistudio/toolchain/gcc/bin/../lib/gcc/riscv-nuclei-elf/9.2.0/../../../../riscv-nuclei-elf/lib/rv32imac/ilp32\libg_nano.a(lib_a-findfp.o)
                0x0000000080002e34                __sfp
 .text._fwalk_reent
                0x0000000080002ecc       0x6a d:/nuclei_studio/nucleistudio/toolchain/gcc/bin/../lib/gcc/riscv-nuclei-elf/9.2.0/../../../../riscv-nuclei-elf/lib/rv32imac/ilp32\libg_nano.a(lib_a-fwalk.o)
                0x0000000080002ecc                _fwalk_reent
 .text.__swhatbuf_r
                0x0000000080002f36       0x5a d:/nuclei_studio/nucleistudio/toolchain/gcc/bin/../lib/gcc/riscv-nuclei-elf/9.2.0/../../../../riscv-nuclei-elf/lib/rv32imac/ilp32\libg_nano.a(lib_a-makebuf.o)
                0x0000000080002f36                __swhatbuf_r
 .text.__smakebuf_r
                0x0000000080002f90       0x9c d:/nuclei_studio/nucleistudio/toolchain/gcc/bin/../lib/gcc/riscv-nuclei-elf/9.2.0/../../../../riscv-nuclei-elf/lib/rv32imac/ilp32\libg_nano.a(lib_a-makebuf.o)
                0x0000000080002f90                __smakebuf_r
 .text          0x000000008000302c       0xa8 d:/nuclei_studio/nucleistudio/toolchain/gcc/bin/../lib/gcc/riscv-nuclei-elf/9.2.0/../../../../riscv-nuclei-elf/lib/rv32imac/ilp32\libg_nano.a(lib_a-memset.o)
                0x000000008000302c                memset
 .text._free_r  0x00000000800030d4       0xa2 d:/nuclei_studio/nucleistudio/toolchain/gcc/bin/../lib/gcc/riscv-nuclei-elf/9.2.0/../../../../riscv-nuclei-elf/lib/rv32imac/ilp32\libg_nano.a(lib_a-nano-freer.o)
                0x00000000800030d4                _free_r
 .text._malloc_r
                0x0000000080003176       0xd2 d:/nuclei_studio/nucleistudio/toolchain/gcc/bin/../lib/gcc/riscv-nuclei-elf/9.2.0/../../../../riscv-nuclei-elf/lib/rv32imac/ilp32\libg_nano.a(lib_a-nano-mallocr.o)
                0x0000000080003176                _malloc_r
 .text.__sfputc_r
                0x0000000080003248       0x2a d:/nuclei_studio/nucleistudio/toolchain/gcc/bin/../lib/gcc/riscv-nuclei-elf/9.2.0/../../../../riscv-nuclei-elf/lib/rv32imac/ilp32\libg_nano.a(lib_a-nano-vfprintf.o)
 .text.__sfputs_r
                0x0000000080003272       0x42 d:/nuclei_studio/nucleistudio/toolchain/gcc/bin/../lib/gcc/riscv-nuclei-elf/9.2.0/../../../../riscv-nuclei-elf/lib/rv32imac/ilp32\libg_nano.a(lib_a-nano-vfprintf.o)
                0x0000000080003272                __sfputs_r
 .text._vfprintf_r
                0x00000000800032b4      0x298 d:/nuclei_studio/nucleistudio/toolchain/gcc/bin/../lib/gcc/riscv-nuclei-elf/9.2.0/../../../../riscv-nuclei-elf/lib/rv32imac/ilp32\libg_nano.a(lib_a-nano-vfprintf.o)
                0x00000000800032b4                _vfprintf_r
                0x00000000800032b4                _vfiprintf_r
 .text._sbrk_r  0x000000008000354c       0x28 d:/nuclei_studio/nucleistudio/toolchain/gcc/bin/../lib/gcc/riscv-nuclei-elf/9.2.0/../../../../riscv-nuclei-elf/lib/rv32imac/ilp32\libg_nano.a(lib_a-sbrkr.o)
                0x000000008000354c                _sbrk_r
 .text.__sread  0x0000000080003574       0x30 d:/nuclei_studio/nucleistudio/toolchain/gcc/bin/../lib/gcc/riscv-nuclei-elf/9.2.0/../../../../riscv-nuclei-elf/lib/rv32imac/ilp32\libg_nano.a(lib_a-stdio.o)
                0x0000000080003574                __sread
 .text.__swrite
                0x00000000800035a4       0x4e d:/nuclei_studio/nucleistudio/toolchain/gcc/bin/../lib/gcc/riscv-nuclei-elf/9.2.0/../../../../riscv-nuclei-elf/lib/rv32imac/ilp32\libg_nano.a(lib_a-stdio.o)
                0x00000000800035a4                __swrite
 .text.__sseek  0x00000000800035f2       0x36 d:/nuclei_studio/nucleistudio/toolchain/gcc/bin/../lib/gcc/riscv-nuclei-elf/9.2.0/../../../../riscv-nuclei-elf/lib/rv32imac/ilp32\libg_nano.a(lib_a-stdio.o)
                0x00000000800035f2                __sseek
 .text.__sclose
                0x0000000080003628        0x6 d:/nuclei_studio/nucleistudio/toolchain/gcc/bin/../lib/gcc/riscv-nuclei-elf/9.2.0/../../../../riscv-nuclei-elf/lib/rv32imac/ilp32\libg_nano.a(lib_a-stdio.o)
                0x0000000080003628                __sclose
 .text._write_r
                0x000000008000362e       0x2c d:/nuclei_studio/nucleistudio/toolchain/gcc/bin/../lib/gcc/riscv-nuclei-elf/9.2.0/../../../../riscv-nuclei-elf/lib/rv32imac/ilp32\libg_nano.a(lib_a-writer.o)
                0x000000008000362e                _write_r
 .text._close_r
                0x000000008000365a       0x28 d:/nuclei_studio/nucleistudio/toolchain/gcc/bin/../lib/gcc/riscv-nuclei-elf/9.2.0/../../../../riscv-nuclei-elf/lib/rv32imac/ilp32\libg_nano.a(lib_a-closer.o)
                0x000000008000365a                _close_r
 .text._fstat_r
                0x0000000080003682       0x2a d:/nuclei_studio/nucleistudio/toolchain/gcc/bin/../lib/gcc/riscv-nuclei-elf/9.2.0/../../../../riscv-nuclei-elf/lib/rv32imac/ilp32\libg_nano.a(lib_a-fstatr.o)
                0x0000000080003682                _fstat_r
 .text._isatty_r
                0x00000000800036ac       0x28 d:/nuclei_studio/nucleistudio/toolchain/gcc/bin/../lib/gcc/riscv-nuclei-elf/9.2.0/../../../../riscv-nuclei-elf/lib/rv32imac/ilp32\libg_nano.a(lib_a-isattyr.o)
                0x00000000800036ac                _isatty_r
 .text._lseek_r
                0x00000000800036d4       0x2c d:/nuclei_studio/nucleistudio/toolchain/gcc/bin/../lib/gcc/riscv-nuclei-elf/9.2.0/../../../../riscv-nuclei-elf/lib/rv32imac/ilp32\libg_nano.a(lib_a-lseekr.o)
                0x00000000800036d4                _lseek_r
 .text.memchr   0x0000000080003700       0x1a d:/nuclei_studio/nucleistudio/toolchain/gcc/bin/../lib/gcc/riscv-nuclei-elf/9.2.0/../../../../riscv-nuclei-elf/lib/rv32imac/ilp32\libg_nano.a(lib_a-memchr.o)
                0x0000000080003700                memchr
 .text.__malloc_lock
                0x000000008000371a        0x2 d:/nuclei_studio/nucleistudio/toolchain/gcc/bin/../lib/gcc/riscv-nuclei-elf/9.2.0/../../../../riscv-nuclei-elf/lib/rv32imac/ilp32\libg_nano.a(lib_a-mlock.o)
                0x000000008000371a                __malloc_lock
 .text.__malloc_unlock
                0x000000008000371c        0x2 d:/nuclei_studio/nucleistudio/toolchain/gcc/bin/../lib/gcc/riscv-nuclei-elf/9.2.0/../../../../riscv-nuclei-elf/lib/rv32imac/ilp32\libg_nano.a(lib_a-mlock.o)
                0x000000008000371c                __malloc_unlock
 .text._printf_common
                0x000000008000371e      0x10c d:/nuclei_studio/nucleistudio/toolchain/gcc/bin/../lib/gcc/riscv-nuclei-elf/9.2.0/../../../../riscv-nuclei-elf/lib/rv32imac/ilp32\libg_nano.a(lib_a-nano-vfprintf_i.o)
                0x000000008000371e                _printf_common
 .text._printf_i
                0x000000008000382a      0x272 d:/nuclei_studio/nucleistudio/toolchain/gcc/bin/../lib/gcc/riscv-nuclei-elf/9.2.0/../../../../riscv-nuclei-elf/lib/rv32imac/ilp32\libg_nano.a(lib_a-nano-vfprintf_i.o)
                0x000000008000382a                _printf_i
 .text._read_r  0x0000000080003a9c       0x2c d:/nuclei_studio/nucleistudio/toolchain/gcc/bin/../lib/gcc/riscv-nuclei-elf/9.2.0/../../../../riscv-nuclei-elf/lib/rv32imac/ilp32\libg_nano.a(lib_a-readr.o)
                0x0000000080003a9c                _read_r
 *(.gnu.linkonce.t.*)

.rodata         0x0000000080003ac8      0x4b0
                0x0000000080003ac8                . = ALIGN (0x4)
 *(.rdata)
 *(.rodata .rodata.*)
 .rodata        0x0000000080003ac8       0x84 ./hbird_sdk/SoC/hbirdv2/Common/Source/system_hbirdv2.o
 .rodata        0x0000000080003b4c      0x12c ./application/main.o
 .rodata.sbox   0x0000000080003c78      0x100 ./application/tinyaes_c.o
 .rodata.Rcon   0x0000000080003d78        0xb ./application/tinyaes_c.o
 *fill*         0x0000000080003d83        0x1 
 .rodata        0x0000000080003d84      0x100 d:/nuclei_studio/nucleistudio/toolchain/gcc/bin/../lib/gcc/riscv-nuclei-elf/9.2.0/rv32imac/ilp32\libgcc.a(_clz.o)
                0x0000000080003d84                __clz_tab
 .rodata.__sf_fake_stderr
                0x0000000080003e84       0x20 d:/nuclei_studio/nucleistudio/toolchain/gcc/bin/../lib/gcc/riscv-nuclei-elf/9.2.0/../../../../riscv-nuclei-elf/lib/rv32imac/ilp32\libg_nano.a(lib_a-findfp.o)
                0x0000000080003e84                __sf_fake_stderr
 .rodata.__sf_fake_stdin
                0x0000000080003ea4       0x20 d:/nuclei_studio/nucleistudio/toolchain/gcc/bin/../lib/gcc/riscv-nuclei-elf/9.2.0/../../../../riscv-nuclei-elf/lib/rv32imac/ilp32\libg_nano.a(lib_a-findfp.o)
                0x0000000080003ea4                __sf_fake_stdin
 .rodata.__sf_fake_stdout
                0x0000000080003ec4       0x20 d:/nuclei_studio/nucleistudio/toolchain/gcc/bin/../lib/gcc/riscv-nuclei-elf/9.2.0/../../../../riscv-nuclei-elf/lib/rv32imac/ilp32\libg_nano.a(lib_a-findfp.o)
                0x0000000080003ec4                __sf_fake_stdout
 .rodata._vfprintf_r.str1.4
                0x0000000080003ee4       0x13 d:/nuclei_studio/nucleistudio/toolchain/gcc/bin/../lib/gcc/riscv-nuclei-elf/9.2.0/../../../../riscv-nuclei-elf/lib/rv32imac/ilp32\libg_nano.a(lib_a-nano-vfprintf.o)
 *fill*         0x0000000080003ef7        0x1 
 .rodata._printf_i.str1.4
                0x0000000080003ef8       0x28 d:/nuclei_studio/nucleistudio/toolchain/gcc/bin/../lib/gcc/riscv-nuclei-elf/9.2.0/../../../../riscv-nuclei-elf/lib/rv32imac/ilp32\libg_nano.a(lib_a-nano-vfprintf_i.o)
                                         0x25 (size before relaxing)
 .rodata._printf_i
                0x0000000080003f20       0x58 d:/nuclei_studio/nucleistudio/toolchain/gcc/bin/../lib/gcc/riscv-nuclei-elf/9.2.0/../../../../riscv-nuclei-elf/lib/rv32imac/ilp32\libg_nano.a(lib_a-nano-vfprintf_i.o)
                0x0000000080003f78                . = ALIGN (0x4)
                0x0000000080003f78                __rt_init_start = .
 *(SORT_BY_NAME(.rti_fn*))
                0x0000000080003f78                __rt_init_end = .
                0x0000000080003f78                . = ALIGN (0x4)
                0x0000000080003f78                __fsymtab_start = .
 *(FSymTab)
                0x0000000080003f78                __fsymtab_end = .
                0x0000000080003f78                . = ALIGN (0x4)
                0x0000000080003f78                __vsymtab_start = .
 *(VSymTab)
                0x0000000080003f78                __vsymtab_end = .
 *(.gnu.linkonce.r.*)

.rela.dyn       0x0000000080003f78        0x0
 .rela.text._close
                0x0000000080003f78        0x0 ./hbird_sdk/SoC/hbirdv2/Common/Source/Stubs/close.o
 .rela.text._fstat
                0x0000000080003f78        0x0 ./hbird_sdk/SoC/hbirdv2/Common/Source/Stubs/close.o
 .rela.sdata.curbrk.2850
                0x0000000080003f78        0x0 ./hbird_sdk/SoC/hbirdv2/Common/Source/Stubs/close.o
 .rela.text._sbrk
                0x0000000080003f78        0x0 ./hbird_sdk/SoC/hbirdv2/Common/Source/Stubs/close.o
 .rela.init     0x0000000080003f78        0x0 ./hbird_sdk/SoC/hbirdv2/Common/Source/Stubs/close.o
 .rela.text.__libc_fini_array
                0x0000000080003f78        0x0 ./hbird_sdk/SoC/hbirdv2/Common/Source/Stubs/close.o
 .rela.text.__libc_init_array
                0x0000000080003f78        0x0 ./hbird_sdk/SoC/hbirdv2/Common/Source/Stubs/close.o
 .rela.text.isatty
                0x0000000080003f78        0x0 ./hbird_sdk/SoC/hbirdv2/Common/Source/Stubs/close.o
 .rela.text.__register_exitproc
                0x0000000080003f78        0x0 ./hbird_sdk/SoC/hbirdv2/Common/Source/Stubs/close.o
 .rela.text._vfprintf_r
                0x0000000080003f78        0x0 ./hbird_sdk/SoC/hbirdv2/Common/Source/Stubs/close.o
 .rela.text._sbrk_r
                0x0000000080003f78        0x0 ./hbird_sdk/SoC/hbirdv2/Common/Source/Stubs/close.o
 .rela.text._write_r
                0x0000000080003f78        0x0 ./hbird_sdk/SoC/hbirdv2/Common/Source/Stubs/close.o
 .rela.text._close_r
                0x0000000080003f78        0x0 ./hbird_sdk/SoC/hbirdv2/Common/Source/Stubs/close.o
 .rela.text._fstat_r
                0x0000000080003f78        0x0 ./hbird_sdk/SoC/hbirdv2/Common/Source/Stubs/close.o
 .rela.text._isatty_r
                0x0000000080003f78        0x0 ./hbird_sdk/SoC/hbirdv2/Common/Source/Stubs/close.o
 .rela.text._lseek_r
                0x0000000080003f78        0x0 ./hbird_sdk/SoC/hbirdv2/Common/Source/Stubs/close.o
 .rela.text._read_r
                0x0000000080003f78        0x0 ./hbird_sdk/SoC/hbirdv2/Common/Source/Stubs/close.o

.fini
 *(SORT_NONE(.fini))
                0x0000000080003f78                . = ALIGN (0x4)
                [!provide]                        PROVIDE (__etext = .)
                [!provide]                        PROVIDE (_etext = .)
                [!provide]                        PROVIDE (etext = .)
                0x0000000080003f78                PROVIDE (_eilm = .)

.preinit_array  0x0000000080003f78        0x0
                0x0000000080003f78                PROVIDE (__preinit_array_start = .)
 *(.preinit_array)
                0x0000000080003f78                PROVIDE (__preinit_array_end = .)

.init_array     0x0000000080003f78        0x0
                0x0000000080003f78                PROVIDE (__init_array_start = .)
 *(SORT_BY_INIT_PRIORITY(.init_array.*) SORT_BY_INIT_PRIORITY(.ctors.*))
 *(.init_array EXCLUDE_FILE(*crtend?.o *crtend.o *crtbegin?.o *crtbegin.o) .ctors)
                0x0000000080003f78                PROVIDE (__init_array_end = .)

.fini_array     0x0000000080003f78        0x0
                0x0000000080003f78                PROVIDE (__fini_array_start = .)
 *(SORT_BY_INIT_PRIORITY(.fini_array.*) SORT_BY_INIT_PRIORITY(.dtors.*))
 *(.fini_array EXCLUDE_FILE(*crtend?.o *crtend.o *crtbegin?.o *crtbegin.o) .dtors)
                0x0000000080003f78                PROVIDE (__fini_array_end = .)

.ctors
 *crtbegin.o(.ctors)
 *crtbegin?.o(.ctors)
 *(EXCLUDE_FILE(*crtend?.o *crtend.o) .ctors)
 *(SORT_BY_NAME(.ctors.*))
 *(.ctors)

.dtors
 *crtbegin.o(.dtors)
 *crtbegin?.o(.dtors)
 *(EXCLUDE_FILE(*crtend?.o *crtend.o) .dtors)
 *(SORT_BY_NAME(.dtors.*))
 *(.dtors)

.lalign         0x0000000080003f78        0x0
                0x0000000080003f78                . = ALIGN (0x4)
                0x0000000080003f78                PROVIDE (_data_lma = .)

.dalign         0x0000000090000000        0x0 load address 0x0000000080003f78
                0x0000000090000000                . = ALIGN (0x4)
                0x0000000090000000                PROVIDE (_data = .)

.data           0x0000000090000000       0x70 load address 0x0000000080003f78
 *(.data .data.*)
 .data.impure_data
                0x0000000090000000       0x60 d:/nuclei_studio/nucleistudio/toolchain/gcc/bin/../lib/gcc/riscv-nuclei-elf/9.2.0/../../../../riscv-nuclei-elf/lib/rv32imac/ilp32\libg_nano.a(lib_a-impure.o)
 *(.gnu.linkonce.d.*)
                0x0000000090000060                . = ALIGN (0x8)
                0x0000000090000860                PROVIDE (__global_pointer$ = (. + 0x800))
 *(.sdata .sdata.* .sdata*)
 .sdata.curbrk.2850
                0x0000000090000060        0x4 ./hbird_sdk/SoC/hbirdv2/Common/Source/Stubs/sbrk.o
 .sdata.SystemCoreClock
                0x0000000090000064        0x4 ./hbird_sdk/SoC/hbirdv2/Common/Source/system_hbirdv2.o
                0x0000000090000064                SystemCoreClock
 .sdata._impure_ptr
                0x0000000090000068        0x4 d:/nuclei_studio/nucleistudio/toolchain/gcc/bin/../lib/gcc/riscv-nuclei-elf/9.2.0/../../../../riscv-nuclei-elf/lib/rv32imac/ilp32\libg_nano.a(lib_a-impure.o)
                0x0000000090000068                _impure_ptr
 .sdata2._global_impure_ptr
                0x000000009000006c        0x4 d:/nuclei_studio/nucleistudio/toolchain/gcc/bin/../lib/gcc/riscv-nuclei-elf/9.2.0/../../../../riscv-nuclei-elf/lib/rv32imac/ilp32\libg_nano.a(lib_a-impure.o)
                0x000000009000006c                _global_impure_ptr
 *(.gnu.linkonce.s.*)
                0x0000000090000070                . = ALIGN (0x8)
 *(.srodata.cst16)
 *(.srodata.cst8)
 *(.srodata.cst4)
 *(.srodata.cst2)
 *(.srodata .srodata.*)
                0x0000000090000070                . = ALIGN (0x4)
                0x0000000090000070                PROVIDE (_edata = .)
                [!provide]                        PROVIDE (edata = .)
                [!provide]                        PROVIDE (_fbss = .)
                0x0000000090000070                PROVIDE (__bss_start = .)

.bss            0x0000000090000070      0x134
 *(.sbss*)
 .sbss._global_atexit
                0x0000000090000070        0x4 d:/nuclei_studio/nucleistudio/toolchain/gcc/bin/../lib/gcc/riscv-nuclei-elf/9.2.0/../../../../riscv-nuclei-elf/lib/rv32imac/ilp32\libg_nano.a(lib_a-__call_atexit.o)
                0x0000000090000070                _global_atexit
 .sbss.__malloc_free_list
                0x0000000090000074        0x4 d:/nuclei_studio/nucleistudio/toolchain/gcc/bin/../lib/gcc/riscv-nuclei-elf/9.2.0/../../../../riscv-nuclei-elf/lib/rv32imac/ilp32\libg_nano.a(lib_a-nano-mallocr.o)
                0x0000000090000074                __malloc_free_list
 .sbss.__malloc_sbrk_start
                0x0000000090000078        0x4 d:/nuclei_studio/nucleistudio/toolchain/gcc/bin/../lib/gcc/riscv-nuclei-elf/9.2.0/../../../../riscv-nuclei-elf/lib/rv32imac/ilp32\libg_nano.a(lib_a-nano-mallocr.o)
                0x0000000090000078                __malloc_sbrk_start
 *(.gnu.linkonce.sb.*)
 *(.bss .bss.*)
 .bss.SystemExceptionHandlers
                0x000000009000007c       0x2c ./hbird_sdk/SoC/hbirdv2/Common/Source/system_hbirdv2.o
 .bss.SystemExtInterruptHandlers
                0x00000000900000a8       0x44 ./hbird_sdk/SoC/hbirdv2/Common/Source/system_hbirdv2.o
 .bss.SystemCoreInterruptHandlers
                0x00000000900000ec       0x28 ./hbird_sdk/SoC/hbirdv2/Common/Source/system_hbirdv2.o
 .bss._global_atexit0
                0x0000000090000114       0x8c d:/nuclei_studio/nucleistudio/toolchain/gcc/bin/../lib/gcc/riscv-nuclei-elf/9.2.0/../../../../riscv-nuclei-elf/lib/rv32imac/ilp32\libg_nano.a(lib_a-__atexit.o)
 *(.gnu.linkonce.b.*)
 *(COMMON)
 COMMON         0x00000000900001a0        0x4 d:/nuclei_studio/nucleistudio/toolchain/gcc/bin/../lib/gcc/riscv-nuclei-elf/9.2.0/../../../../riscv-nuclei-elf/lib/rv32imac/ilp32\libg_nano.a(lib_a-reent.o)
                0x00000000900001a0                errno
                0x00000000900001a4                . = ALIGN (0x4)
                0x00000000900001a8                . = ALIGN (0x8)
                0x00000000900001a8                PROVIDE (_end = .)
                [!provide]                        PROVIDE (end = .)

.stack          0x000000009000f800      0x800 load address 0x00000000900001a4
                0x000000009000f800                PROVIDE (_heap_end = .)
                0x0000000000000800                . = __stack_size
 *fill*         0x000000009000f800      0x800 
                0x0000000090010000                PROVIDE (_sp = .)
OUTPUT(test_e203hbridv2.elf elf32-littleriscv)

.debug_info     0x0000000000000000     0x9e42
 .debug_info    0x0000000000000000      0x998 ./hbird_sdk/SoC/hbirdv2/Common/Source/Stubs/close.o
 .debug_info    0x0000000000000998      0xc1e ./hbird_sdk/SoC/hbirdv2/Common/Source/Stubs/fstat.o
 .debug_info    0x00000000000015b6      0x117 ./hbird_sdk/SoC/hbirdv2/Common/Source/Stubs/isatty.o
 .debug_info    0x00000000000016cd      0x9b7 ./hbird_sdk/SoC/hbirdv2/Common/Source/Stubs/lseek.o
 .debug_info    0x0000000000002084      0xb32 ./hbird_sdk/SoC/hbirdv2/Common/Source/Stubs/read.o
 .debug_info    0x0000000000002bb6      0x15b ./hbird_sdk/SoC/hbirdv2/Common/Source/Stubs/sbrk.o
 .debug_info    0x0000000000002d11      0xb55 ./hbird_sdk/SoC/hbirdv2/Common/Source/Stubs/write.o
 .debug_info    0x0000000000003866       0x26 ./hbird_sdk/SoC/hbirdv2/Common/Source/GCC/intexc_hbirdv2.o
 .debug_info    0x000000000000388c       0x26 ./hbird_sdk/SoC/hbirdv2/Common/Source/GCC/startup_hbirdv2.o
 .debug_info    0x00000000000038b2      0x385 ./hbird_sdk/SoC/hbirdv2/Common/Source/Drivers/hbirdv2_gpio.o
 .debug_info    0x0000000000003c37      0x524 ./hbird_sdk/SoC/hbirdv2/Common/Source/Drivers/hbirdv2_uart.o
 .debug_info    0x000000000000415b      0x2f6 ./hbird_sdk/SoC/hbirdv2/Common/Source/hbirdv2_common.o
 .debug_info    0x0000000000004451     0x1516 ./hbird_sdk/SoC/hbirdv2/Common/Source/system_hbirdv2.o
 .debug_info    0x0000000000005967       0x26 ./application/aes32_enc.o
 .debug_info    0x000000000000598d     0x1681 ./application/main.o
 .debug_info    0x000000000000700e     0x1039 ./application/tinyaes_c.o
 .debug_info    0x0000000000008047     0x1245 d:/nuclei_studio/nucleistudio/toolchain/gcc/bin/../lib/gcc/riscv-nuclei-elf/9.2.0/rv32imac/ilp32\libgcc.a(_udivdi3.o)
 .debug_info    0x000000000000928c       0x26 d:/nuclei_studio/nucleistudio/toolchain/gcc/bin/../lib/gcc/riscv-nuclei-elf/9.2.0/rv32imac/ilp32\libgcc.a(muldi3.o)
 .debug_info    0x00000000000092b2       0x26 d:/nuclei_studio/nucleistudio/toolchain/gcc/bin/../lib/gcc/riscv-nuclei-elf/9.2.0/rv32imac/ilp32\libgcc.a(div.o)
 .debug_info    0x00000000000092d8      0xb6a d:/nuclei_studio/nucleistudio/toolchain/gcc/bin/../lib/gcc/riscv-nuclei-elf/9.2.0/rv32imac/ilp32\libgcc.a(_clz.o)

.debug_abbrev   0x0000000000000000     0x1f0a
 .debug_abbrev  0x0000000000000000      0x1e7 ./hbird_sdk/SoC/hbirdv2/Common/Source/Stubs/close.o
 .debug_abbrev  0x00000000000001e7      0x1fa ./hbird_sdk/SoC/hbirdv2/Common/Source/Stubs/fstat.o
 .debug_abbrev  0x00000000000003e1       0x82 ./hbird_sdk/SoC/hbirdv2/Common/Source/Stubs/isatty.o
 .debug_abbrev  0x0000000000000463      0x1e7 ./hbird_sdk/SoC/hbirdv2/Common/Source/Stubs/lseek.o
 .debug_abbrev  0x000000000000064a      0x22a ./hbird_sdk/SoC/hbirdv2/Common/Source/Stubs/read.o
 .debug_abbrev  0x0000000000000874       0xa8 ./hbird_sdk/SoC/hbirdv2/Common/Source/Stubs/sbrk.o
 .debug_abbrev  0x000000000000091c      0x249 ./hbird_sdk/SoC/hbirdv2/Common/Source/Stubs/write.o
 .debug_abbrev  0x0000000000000b65       0x14 ./hbird_sdk/SoC/hbirdv2/Common/Source/GCC/intexc_hbirdv2.o
 .debug_abbrev  0x0000000000000b79       0x14 ./hbird_sdk/SoC/hbirdv2/Common/Source/GCC/startup_hbirdv2.o
 .debug_abbrev  0x0000000000000b8d       0xf4 ./hbird_sdk/SoC/hbirdv2/Common/Source/Drivers/hbirdv2_gpio.o
 .debug_abbrev  0x0000000000000c81      0x14e ./hbird_sdk/SoC/hbirdv2/Common/Source/Drivers/hbirdv2_uart.o
 .debug_abbrev  0x0000000000000dcf      0x177 ./hbird_sdk/SoC/hbirdv2/Common/Source/hbirdv2_common.o
 .debug_abbrev  0x0000000000000f46      0x49d ./hbird_sdk/SoC/hbirdv2/Common/Source/system_hbirdv2.o
 .debug_abbrev  0x00000000000013e3       0x14 ./application/aes32_enc.o
 .debug_abbrev  0x00000000000013f7      0x35b ./application/main.o
 .debug_abbrev  0x0000000000001752      0x2dc ./application/tinyaes_c.o
 .debug_abbrev  0x0000000000001a2e      0x2cc d:/nuclei_studio/nucleistudio/toolchain/gcc/bin/../lib/gcc/riscv-nuclei-elf/9.2.0/rv32imac/ilp32\libgcc.a(_udivdi3.o)
 .debug_abbrev  0x0000000000001cfa       0x14 d:/nuclei_studio/nucleistudio/toolchain/gcc/bin/../lib/gcc/riscv-nuclei-elf/9.2.0/rv32imac/ilp32\libgcc.a(muldi3.o)
 .debug_abbrev  0x0000000000001d0e       0x14 d:/nuclei_studio/nucleistudio/toolchain/gcc/bin/../lib/gcc/riscv-nuclei-elf/9.2.0/rv32imac/ilp32\libgcc.a(div.o)
 .debug_abbrev  0x0000000000001d22      0x1e8 d:/nuclei_studio/nucleistudio/toolchain/gcc/bin/../lib/gcc/riscv-nuclei-elf/9.2.0/rv32imac/ilp32\libgcc.a(_clz.o)

.debug_aranges  0x0000000000000000      0x500
 .debug_aranges
                0x0000000000000000       0x20 ./hbird_sdk/SoC/hbirdv2/Common/Source/Stubs/close.o
 .debug_aranges
                0x0000000000000020       0x20 ./hbird_sdk/SoC/hbirdv2/Common/Source/Stubs/fstat.o
 .debug_aranges
                0x0000000000000040       0x20 ./hbird_sdk/SoC/hbirdv2/Common/Source/Stubs/isatty.o
 .debug_aranges
                0x0000000000000060       0x20 ./hbird_sdk/SoC/hbirdv2/Common/Source/Stubs/lseek.o
 .debug_aranges
                0x0000000000000080       0x20 ./hbird_sdk/SoC/hbirdv2/Common/Source/Stubs/read.o
 .debug_aranges
                0x00000000000000a0       0x20 ./hbird_sdk/SoC/hbirdv2/Common/Source/Stubs/sbrk.o
 .debug_aranges
                0x00000000000000c0       0x20 ./hbird_sdk/SoC/hbirdv2/Common/Source/Stubs/write.o
 .debug_aranges
                0x00000000000000e0       0x20 ./hbird_sdk/SoC/hbirdv2/Common/Source/GCC/intexc_hbirdv2.o
 .debug_aranges
                0x0000000000000100       0x20 ./hbird_sdk/SoC/hbirdv2/Common/Source/GCC/startup_hbirdv2.o
 .debug_aranges
                0x0000000000000120       0x60 ./hbird_sdk/SoC/hbirdv2/Common/Source/Drivers/hbirdv2_gpio.o
 .debug_aranges
                0x0000000000000180       0x98 ./hbird_sdk/SoC/hbirdv2/Common/Source/Drivers/hbirdv2_uart.o
 .debug_aranges
                0x0000000000000218       0x38 ./hbird_sdk/SoC/hbirdv2/Common/Source/hbirdv2_common.o
 .debug_aranges
                0x0000000000000250       0xc0 ./hbird_sdk/SoC/hbirdv2/Common/Source/system_hbirdv2.o
 .debug_aranges
                0x0000000000000310       0x20 ./application/aes32_enc.o
 .debug_aranges
                0x0000000000000330       0xa0 ./application/main.o
 .debug_aranges
                0x00000000000003d0       0xb8 ./application/tinyaes_c.o
 .debug_aranges
                0x0000000000000488       0x20 d:/nuclei_studio/nucleistudio/toolchain/gcc/bin/../lib/gcc/riscv-nuclei-elf/9.2.0/rv32imac/ilp32\libgcc.a(_udivdi3.o)
 .debug_aranges
                0x00000000000004a8       0x20 d:/nuclei_studio/nucleistudio/toolchain/gcc/bin/../lib/gcc/riscv-nuclei-elf/9.2.0/rv32imac/ilp32\libgcc.a(muldi3.o)
 .debug_aranges
                0x00000000000004c8       0x20 d:/nuclei_studio/nucleistudio/toolchain/gcc/bin/../lib/gcc/riscv-nuclei-elf/9.2.0/rv32imac/ilp32\libgcc.a(div.o)
 .debug_aranges
                0x00000000000004e8       0x18 d:/nuclei_studio/nucleistudio/toolchain/gcc/bin/../lib/gcc/riscv-nuclei-elf/9.2.0/rv32imac/ilp32\libgcc.a(_clz.o)

.debug_ranges   0x0000000000000000      0x448
 .debug_ranges  0x0000000000000000       0x10 ./hbird_sdk/SoC/hbirdv2/Common/Source/Stubs/close.o
 .debug_ranges  0x0000000000000010       0x10 ./hbird_sdk/SoC/hbirdv2/Common/Source/Stubs/fstat.o
 .debug_ranges  0x0000000000000020       0x10 ./hbird_sdk/SoC/hbirdv2/Common/Source/Stubs/isatty.o
 .debug_ranges  0x0000000000000030       0x10 ./hbird_sdk/SoC/hbirdv2/Common/Source/Stubs/lseek.o
 .debug_ranges  0x0000000000000040       0x10 ./hbird_sdk/SoC/hbirdv2/Common/Source/Stubs/read.o
 .debug_ranges  0x0000000000000050       0x10 ./hbird_sdk/SoC/hbirdv2/Common/Source/Stubs/sbrk.o
 .debug_ranges  0x0000000000000060       0x10 ./hbird_sdk/SoC/hbirdv2/Common/Source/Stubs/write.o
 .debug_ranges  0x0000000000000070       0x50 ./hbird_sdk/SoC/hbirdv2/Common/Source/Drivers/hbirdv2_gpio.o
 .debug_ranges  0x00000000000000c0       0x88 ./hbird_sdk/SoC/hbirdv2/Common/Source/Drivers/hbirdv2_uart.o
 .debug_ranges  0x0000000000000148       0x28 ./hbird_sdk/SoC/hbirdv2/Common/Source/hbirdv2_common.o
 .debug_ranges  0x0000000000000170       0xb0 ./hbird_sdk/SoC/hbirdv2/Common/Source/system_hbirdv2.o
 .debug_ranges  0x0000000000000220       0x90 ./application/main.o
 .debug_ranges  0x00000000000002b0       0xa8 ./application/tinyaes_c.o
 .debug_ranges  0x0000000000000358       0xf0 d:/nuclei_studio/nucleistudio/toolchain/gcc/bin/../lib/gcc/riscv-nuclei-elf/9.2.0/rv32imac/ilp32\libgcc.a(_udivdi3.o)

.debug_line     0x0000000000000000     0x597a
 .debug_line    0x0000000000000000      0x22a ./hbird_sdk/SoC/hbirdv2/Common/Source/Stubs/close.o
 .debug_line    0x000000000000022a      0x2ce ./hbird_sdk/SoC/hbirdv2/Common/Source/Stubs/fstat.o
 .debug_line    0x00000000000004f8      0x1a4 ./hbird_sdk/SoC/hbirdv2/Common/Source/Stubs/isatty.o
 .debug_line    0x000000000000069c      0x222 ./hbird_sdk/SoC/hbirdv2/Common/Source/Stubs/lseek.o
 .debug_line    0x00000000000008be      0x26f ./hbird_sdk/SoC/hbirdv2/Common/Source/Stubs/read.o
 .debug_line    0x0000000000000b2d      0x241 ./hbird_sdk/SoC/hbirdv2/Common/Source/Stubs/sbrk.o
 .debug_line    0x0000000000000d6e      0x2be ./hbird_sdk/SoC/hbirdv2/Common/Source/Stubs/write.o
 .debug_line    0x000000000000102c       0x97 ./hbird_sdk/SoC/hbirdv2/Common/Source/GCC/intexc_hbirdv2.o
 .debug_line    0x00000000000010c3      0x163 ./hbird_sdk/SoC/hbirdv2/Common/Source/GCC/startup_hbirdv2.o
 .debug_line    0x0000000000001226      0x4e2 ./hbird_sdk/SoC/hbirdv2/Common/Source/Drivers/hbirdv2_gpio.o
 .debug_line    0x0000000000001708      0x6a2 ./hbird_sdk/SoC/hbirdv2/Common/Source/Drivers/hbirdv2_uart.o
 .debug_line    0x0000000000001daa      0x3a2 ./hbird_sdk/SoC/hbirdv2/Common/Source/hbirdv2_common.o
 .debug_line    0x000000000000214c      0xa1e ./hbird_sdk/SoC/hbirdv2/Common/Source/system_hbirdv2.o
 .debug_line    0x0000000000002b6a      0x28b ./application/aes32_enc.o
 .debug_line    0x0000000000002df5      0xba8 ./application/main.o
 .debug_line    0x000000000000399d     0x1147 ./application/tinyaes_c.o
 .debug_line    0x0000000000004ae4      0x9a6 d:/nuclei_studio/nucleistudio/toolchain/gcc/bin/../lib/gcc/riscv-nuclei-elf/9.2.0/rv32imac/ilp32\libgcc.a(_udivdi3.o)
 .debug_line    0x000000000000548a       0xb1 d:/nuclei_studio/nucleistudio/toolchain/gcc/bin/../lib/gcc/riscv-nuclei-elf/9.2.0/rv32imac/ilp32\libgcc.a(muldi3.o)
 .debug_line    0x000000000000553b      0x187 d:/nuclei_studio/nucleistudio/toolchain/gcc/bin/../lib/gcc/riscv-nuclei-elf/9.2.0/rv32imac/ilp32\libgcc.a(div.o)
 .debug_line    0x00000000000056c2      0x2b8 d:/nuclei_studio/nucleistudio/toolchain/gcc/bin/../lib/gcc/riscv-nuclei-elf/9.2.0/rv32imac/ilp32\libgcc.a(_clz.o)

.debug_str      0x0000000000000000     0x1cf3
 .debug_str     0x0000000000000000      0x534 ./hbird_sdk/SoC/hbirdv2/Common/Source/Stubs/close.o
                                        0x5c4 (size before relaxing)
 .debug_str     0x0000000000000534      0x17c ./hbird_sdk/SoC/hbirdv2/Common/Source/Stubs/fstat.o
                                        0x75c (size before relaxing)
 .debug_str     0x00000000000006b0       0x3e ./hbird_sdk/SoC/hbirdv2/Common/Source/Stubs/isatty.o
                                        0x1f5 (size before relaxing)
 .debug_str     0x00000000000006ee       0x43 ./hbird_sdk/SoC/hbirdv2/Common/Source/Stubs/lseek.o
                                        0x5de (size before relaxing)
 .debug_str     0x0000000000000731       0x53 ./hbird_sdk/SoC/hbirdv2/Common/Source/Stubs/read.o
                                        0x620 (size before relaxing)
 .debug_str     0x0000000000000784       0x5a ./hbird_sdk/SoC/hbirdv2/Common/Source/Stubs/sbrk.o
                                        0x216 (size before relaxing)
 .debug_str     0x00000000000007de       0x3e ./hbird_sdk/SoC/hbirdv2/Common/Source/Stubs/write.o
                                        0x622 (size before relaxing)
 .debug_str     0x000000000000081c       0x48 ./hbird_sdk/SoC/hbirdv2/Common/Source/GCC/intexc_hbirdv2.o
                                         0x80 (size before relaxing)
 .debug_str     0x0000000000000864       0x3d ./hbird_sdk/SoC/hbirdv2/Common/Source/GCC/startup_hbirdv2.o
                                         0x81 (size before relaxing)
 .debug_str     0x00000000000008a1      0x187 ./hbird_sdk/SoC/hbirdv2/Common/Source/Drivers/hbirdv2_gpio.o
                                        0x31f (size before relaxing)
 .debug_str     0x0000000000000a28      0x209 ./hbird_sdk/SoC/hbirdv2/Common/Source/Drivers/hbirdv2_uart.o
                                        0x3d1 (size before relaxing)
 .debug_str     0x0000000000000c31      0x118 ./hbird_sdk/SoC/hbirdv2/Common/Source/hbirdv2_common.o
                                        0x2b5 (size before relaxing)
 .debug_str     0x0000000000000d49      0x58f ./hbird_sdk/SoC/hbirdv2/Common/Source/system_hbirdv2.o
                                        0xba5 (size before relaxing)
 .debug_str     0x00000000000012d8       0x1b ./application/aes32_enc.o
                                         0x5f (size before relaxing)
 .debug_str     0x00000000000012f3      0x3e5 ./application/main.o
                                        0x982 (size before relaxing)
 .debug_str     0x00000000000016d8      0x13a ./application/tinyaes_c.o
                                        0x6f1 (size before relaxing)
 .debug_str     0x0000000000001812      0x3a0 d:/nuclei_studio/nucleistudio/toolchain/gcc/bin/../lib/gcc/riscv-nuclei-elf/9.2.0/rv32imac/ilp32\libgcc.a(_udivdi3.o)
                                        0x8a7 (size before relaxing)
 .debug_str     0x0000000000001bb2       0x51 d:/nuclei_studio/nucleistudio/toolchain/gcc/bin/../lib/gcc/riscv-nuclei-elf/9.2.0/rv32imac/ilp32\libgcc.a(muldi3.o)
                                         0xe1 (size before relaxing)
 .debug_str     0x0000000000001c03       0x4e d:/nuclei_studio/nucleistudio/toolchain/gcc/bin/../lib/gcc/riscv-nuclei-elf/9.2.0/rv32imac/ilp32\libgcc.a(div.o)
                                         0xde (size before relaxing)
 .debug_str     0x0000000000001c51       0xa2 d:/nuclei_studio/nucleistudio/toolchain/gcc/bin/../lib/gcc/riscv-nuclei-elf/9.2.0/rv32imac/ilp32\libgcc.a(_clz.o)
                                        0x7ee (size before relaxing)

.comment        0x0000000000000000       0x11
 .comment       0x0000000000000000       0x11 ./hbird_sdk/SoC/hbirdv2/Common/Source/Stubs/close.o
                                         0x12 (size before relaxing)
 .comment       0x0000000000000011       0x12 ./hbird_sdk/SoC/hbirdv2/Common/Source/Stubs/fstat.o
 .comment       0x0000000000000011       0x12 ./hbird_sdk/SoC/hbirdv2/Common/Source/Stubs/isatty.o
 .comment       0x0000000000000011       0x12 ./hbird_sdk/SoC/hbirdv2/Common/Source/Stubs/lseek.o
 .comment       0x0000000000000011       0x12 ./hbird_sdk/SoC/hbirdv2/Common/Source/Stubs/read.o
 .comment       0x0000000000000011       0x12 ./hbird_sdk/SoC/hbirdv2/Common/Source/Stubs/sbrk.o
 .comment       0x0000000000000011       0x12 ./hbird_sdk/SoC/hbirdv2/Common/Source/Stubs/write.o
 .comment       0x0000000000000011       0x12 ./hbird_sdk/SoC/hbirdv2/Common/Source/Drivers/hbirdv2_gpio.o
 .comment       0x0000000000000011       0x12 ./hbird_sdk/SoC/hbirdv2/Common/Source/Drivers/hbirdv2_uart.o
 .comment       0x0000000000000011       0x12 ./hbird_sdk/SoC/hbirdv2/Common/Source/hbirdv2_common.o
 .comment       0x0000000000000011       0x12 ./hbird_sdk/SoC/hbirdv2/Common/Source/system_hbirdv2.o
 .comment       0x0000000000000011       0x12 ./application/main.o
 .comment       0x0000000000000011       0x12 ./application/tinyaes_c.o
 .comment       0x0000000000000011       0x12 d:/nuclei_studio/nucleistudio/toolchain/gcc/bin/../lib/gcc/riscv-nuclei-elf/9.2.0/rv32imac/ilp32\libgcc.a(_udivdi3.o)
 .comment       0x0000000000000011       0x12 d:/nuclei_studio/nucleistudio/toolchain/gcc/bin/../lib/gcc/riscv-nuclei-elf/9.2.0/rv32imac/ilp32\libgcc.a(_clz.o)
 .comment       0x0000000000000011       0x12 d:/nuclei_studio/nucleistudio/toolchain/gcc/bin/../lib/gcc/riscv-nuclei-elf/9.2.0/../../../../riscv-nuclei-elf/lib/rv32imac/ilp32\libg_nano.a(lib_a-atexit.o)
 .comment       0x0000000000000011       0x12 d:/nuclei_studio/nucleistudio/toolchain/gcc/bin/../lib/gcc/riscv-nuclei-elf/9.2.0/../../../../riscv-nuclei-elf/lib/rv32imac/ilp32\libg_nano.a(lib_a-fini.o)
 .comment       0x0000000000000011       0x12 d:/nuclei_studio/nucleistudio/toolchain/gcc/bin/../lib/gcc/riscv-nuclei-elf/9.2.0/../../../../riscv-nuclei-elf/lib/rv32imac/ilp32\libg_nano.a(lib_a-init.o)
 .comment       0x0000000000000011       0x12 d:/nuclei_studio/nucleistudio/toolchain/gcc/bin/../lib/gcc/riscv-nuclei-elf/9.2.0/../../../../riscv-nuclei-elf/lib/rv32imac/ilp32\libg_nano.a(lib_a-printf.o)
 .comment       0x0000000000000011       0x12 d:/nuclei_studio/nucleistudio/toolchain/gcc/bin/../lib/gcc/riscv-nuclei-elf/9.2.0/../../../../riscv-nuclei-elf/lib/rv32imac/ilp32\libg_nano.a(lib_a-putchar.o)
 .comment       0x0000000000000011       0x12 d:/nuclei_studio/nucleistudio/toolchain/gcc/bin/../lib/gcc/riscv-nuclei-elf/9.2.0/../../../../riscv-nuclei-elf/lib/rv32imac/ilp32\libg_nano.a(lib_a-putc.o)
 .comment       0x0000000000000011       0x12 d:/nuclei_studio/nucleistudio/toolchain/gcc/bin/../lib/gcc/riscv-nuclei-elf/9.2.0/../../../../riscv-nuclei-elf/lib/rv32imac/ilp32\libg_nano.a(lib_a-puts.o)
 .comment       0x0000000000000011       0x12 d:/nuclei_studio/nucleistudio/toolchain/gcc/bin/../lib/gcc/riscv-nuclei-elf/9.2.0/../../../../riscv-nuclei-elf/lib/rv32imac/ilp32\libg_nano.a(lib_a-reent.o)
 .comment       0x0000000000000011       0x12 d:/nuclei_studio/nucleistudio/toolchain/gcc/bin/../lib/gcc/riscv-nuclei-elf/9.2.0/../../../../riscv-nuclei-elf/lib/rv32imac/ilp32\libg_nano.a(lib_a-sysisatty.o)
 .comment       0x0000000000000011       0x12 d:/nuclei_studio/nucleistudio/toolchain/gcc/bin/../lib/gcc/riscv-nuclei-elf/9.2.0/../../../../riscv-nuclei-elf/lib/rv32imac/ilp32\libg_nano.a(lib_a-wbuf.o)
 .comment       0x0000000000000011       0x12 d:/nuclei_studio/nucleistudio/toolchain/gcc/bin/../lib/gcc/riscv-nuclei-elf/9.2.0/../../../../riscv-nuclei-elf/lib/rv32imac/ilp32\libg_nano.a(lib_a-wsetup.o)
 .comment       0x0000000000000011       0x12 d:/nuclei_studio/nucleistudio/toolchain/gcc/bin/../lib/gcc/riscv-nuclei-elf/9.2.0/../../../../riscv-nuclei-elf/lib/rv32imac/ilp32\libg_nano.a(lib_a-__atexit.o)
 .comment       0x0000000000000011       0x12 d:/nuclei_studio/nucleistudio/toolchain/gcc/bin/../lib/gcc/riscv-nuclei-elf/9.2.0/../../../../riscv-nuclei-elf/lib/rv32imac/ilp32\libg_nano.a(lib_a-__call_atexit.o)
 .comment       0x0000000000000011       0x12 d:/nuclei_studio/nucleistudio/toolchain/gcc/bin/../lib/gcc/riscv-nuclei-elf/9.2.0/../../../../riscv-nuclei-elf/lib/rv32imac/ilp32\libg_nano.a(lib_a-fflush.o)
 .comment       0x0000000000000011       0x12 d:/nuclei_studio/nucleistudio/toolchain/gcc/bin/../lib/gcc/riscv-nuclei-elf/9.2.0/../../../../riscv-nuclei-elf/lib/rv32imac/ilp32\libg_nano.a(lib_a-findfp.o)
 .comment       0x0000000000000011       0x12 d:/nuclei_studio/nucleistudio/toolchain/gcc/bin/../lib/gcc/riscv-nuclei-elf/9.2.0/../../../../riscv-nuclei-elf/lib/rv32imac/ilp32\libg_nano.a(lib_a-fwalk.o)
 .comment       0x0000000000000011       0x12 d:/nuclei_studio/nucleistudio/toolchain/gcc/bin/../lib/gcc/riscv-nuclei-elf/9.2.0/../../../../riscv-nuclei-elf/lib/rv32imac/ilp32\libg_nano.a(lib_a-impure.o)
 .comment       0x0000000000000011       0x12 d:/nuclei_studio/nucleistudio/toolchain/gcc/bin/../lib/gcc/riscv-nuclei-elf/9.2.0/../../../../riscv-nuclei-elf/lib/rv32imac/ilp32\libg_nano.a(lib_a-makebuf.o)
 .comment       0x0000000000000011       0x12 d:/nuclei_studio/nucleistudio/toolchain/gcc/bin/../lib/gcc/riscv-nuclei-elf/9.2.0/../../../../riscv-nuclei-elf/lib/rv32imac/ilp32\libg_nano.a(lib_a-nano-freer.o)
 .comment       0x0000000000000011       0x12 d:/nuclei_studio/nucleistudio/toolchain/gcc/bin/../lib/gcc/riscv-nuclei-elf/9.2.0/../../../../riscv-nuclei-elf/lib/rv32imac/ilp32\libg_nano.a(lib_a-nano-mallocr.o)
 .comment       0x0000000000000011       0x12 d:/nuclei_studio/nucleistudio/toolchain/gcc/bin/../lib/gcc/riscv-nuclei-elf/9.2.0/../../../../riscv-nuclei-elf/lib/rv32imac/ilp32\libg_nano.a(lib_a-nano-vfprintf.o)
 .comment       0x0000000000000011       0x12 d:/nuclei_studio/nucleistudio/toolchain/gcc/bin/../lib/gcc/riscv-nuclei-elf/9.2.0/../../../../riscv-nuclei-elf/lib/rv32imac/ilp32\libg_nano.a(lib_a-sbrkr.o)
 .comment       0x0000000000000011       0x12 d:/nuclei_studio/nucleistudio/toolchain/gcc/bin/../lib/gcc/riscv-nuclei-elf/9.2.0/../../../../riscv-nuclei-elf/lib/rv32imac/ilp32\libg_nano.a(lib_a-stdio.o)
 .comment       0x0000000000000011       0x12 d:/nuclei_studio/nucleistudio/toolchain/gcc/bin/../lib/gcc/riscv-nuclei-elf/9.2.0/../../../../riscv-nuclei-elf/lib/rv32imac/ilp32\libg_nano.a(lib_a-writer.o)
 .comment       0x0000000000000011       0x12 d:/nuclei_studio/nucleistudio/toolchain/gcc/bin/../lib/gcc/riscv-nuclei-elf/9.2.0/../../../../riscv-nuclei-elf/lib/rv32imac/ilp32\libg_nano.a(lib_a-closer.o)
 .comment       0x0000000000000011       0x12 d:/nuclei_studio/nucleistudio/toolchain/gcc/bin/../lib/gcc/riscv-nuclei-elf/9.2.0/../../../../riscv-nuclei-elf/lib/rv32imac/ilp32\libg_nano.a(lib_a-fstatr.o)
 .comment       0x0000000000000011       0x12 d:/nuclei_studio/nucleistudio/toolchain/gcc/bin/../lib/gcc/riscv-nuclei-elf/9.2.0/../../../../riscv-nuclei-elf/lib/rv32imac/ilp32\libg_nano.a(lib_a-isattyr.o)
 .comment       0x0000000000000011       0x12 d:/nuclei_studio/nucleistudio/toolchain/gcc/bin/../lib/gcc/riscv-nuclei-elf/9.2.0/../../../../riscv-nuclei-elf/lib/rv32imac/ilp32\libg_nano.a(lib_a-lseekr.o)
 .comment       0x0000000000000011       0x12 d:/nuclei_studio/nucleistudio/toolchain/gcc/bin/../lib/gcc/riscv-nuclei-elf/9.2.0/../../../../riscv-nuclei-elf/lib/rv32imac/ilp32\libg_nano.a(lib_a-memchr.o)
 .comment       0x0000000000000011       0x12 d:/nuclei_studio/nucleistudio/toolchain/gcc/bin/../lib/gcc/riscv-nuclei-elf/9.2.0/../../../../riscv-nuclei-elf/lib/rv32imac/ilp32\libg_nano.a(lib_a-mlock.o)
 .comment       0x0000000000000011       0x12 d:/nuclei_studio/nucleistudio/toolchain/gcc/bin/../lib/gcc/riscv-nuclei-elf/9.2.0/../../../../riscv-nuclei-elf/lib/rv32imac/ilp32\libg_nano.a(lib_a-nano-vfprintf_i.o)
 .comment       0x0000000000000011       0x12 d:/nuclei_studio/nucleistudio/toolchain/gcc/bin/../lib/gcc/riscv-nuclei-elf/9.2.0/../../../../riscv-nuclei-elf/lib/rv32imac/ilp32\libg_nano.a(lib_a-readr.o)

.riscv.attributes
                0x0000000000000000       0x2b
 .riscv.attributes
                0x0000000000000000       0x1c ./hbird_sdk/SoC/hbirdv2/Common/Source/Stubs/close.o
 .riscv.attributes
                0x000000000000001c       0x1c ./hbird_sdk/SoC/hbirdv2/Common/Source/Stubs/fstat.o
 .riscv.attributes
                0x0000000000000038       0x1c ./hbird_sdk/SoC/hbirdv2/Common/Source/Stubs/isatty.o
 .riscv.attributes
                0x0000000000000054       0x1c ./hbird_sdk/SoC/hbirdv2/Common/Source/Stubs/lseek.o
 .riscv.attributes
                0x0000000000000070       0x1c ./hbird_sdk/SoC/hbirdv2/Common/Source/Stubs/read.o
 .riscv.attributes
                0x000000000000008c       0x1c ./hbird_sdk/SoC/hbirdv2/Common/Source/Stubs/sbrk.o
 .riscv.attributes
                0x00000000000000a8       0x1c ./hbird_sdk/SoC/hbirdv2/Common/Source/Stubs/write.o
 .riscv.attributes
                0x00000000000000c4       0x1a ./hbird_sdk/SoC/hbirdv2/Common/Source/GCC/intexc_hbirdv2.o
 .riscv.attributes
                0x00000000000000de       0x1a ./hbird_sdk/SoC/hbirdv2/Common/Source/GCC/startup_hbirdv2.o
 .riscv.attributes
                0x00000000000000f8       0x1c ./hbird_sdk/SoC/hbirdv2/Common/Source/Drivers/hbirdv2_gpio.o
 .riscv.attributes
                0x0000000000000114       0x1c ./hbird_sdk/SoC/hbirdv2/Common/Source/Drivers/hbirdv2_uart.o
 .riscv.attributes
                0x0000000000000130       0x1c ./hbird_sdk/SoC/hbirdv2/Common/Source/hbirdv2_common.o
 .riscv.attributes
                0x000000000000014c       0x1c ./hbird_sdk/SoC/hbirdv2/Common/Source/system_hbirdv2.o
 .riscv.attributes
                0x0000000000000168       0x29 ./application/aes32_enc.o
 .riscv.attributes
                0x0000000000000191       0x2b ./application/main.o
 .riscv.attributes
                0x00000000000001bc       0x1c ./application/tinyaes_c.o
 .riscv.attributes
                0x00000000000001d8       0x2b d:/nuclei_studio/nucleistudio/toolchain/gcc/bin/../lib/gcc/riscv-nuclei-elf/9.2.0/rv32imac/ilp32\libgcc.a(_udivdi3.o)
 .riscv.attributes
                0x0000000000000203       0x29 d:/nuclei_studio/nucleistudio/toolchain/gcc/bin/../lib/gcc/riscv-nuclei-elf/9.2.0/rv32imac/ilp32\libgcc.a(muldi3.o)
 .riscv.attributes
                0x000000000000022c       0x29 d:/nuclei_studio/nucleistudio/toolchain/gcc/bin/../lib/gcc/riscv-nuclei-elf/9.2.0/rv32imac/ilp32\libgcc.a(div.o)
 .riscv.attributes
                0x0000000000000255       0x2b d:/nuclei_studio/nucleistudio/toolchain/gcc/bin/../lib/gcc/riscv-nuclei-elf/9.2.0/rv32imac/ilp32\libgcc.a(_clz.o)
 .riscv.attributes
                0x0000000000000280       0x2b d:/nuclei_studio/nucleistudio/toolchain/gcc/bin/../lib/gcc/riscv-nuclei-elf/9.2.0/../../../../riscv-nuclei-elf/lib/rv32imac/ilp32\libg_nano.a(lib_a-atexit.o)
 .riscv.attributes
                0x00000000000002ab       0x2b d:/nuclei_studio/nucleistudio/toolchain/gcc/bin/../lib/gcc/riscv-nuclei-elf/9.2.0/../../../../riscv-nuclei-elf/lib/rv32imac/ilp32\libg_nano.a(lib_a-fini.o)
 .riscv.attributes
                0x00000000000002d6       0x2b d:/nuclei_studio/nucleistudio/toolchain/gcc/bin/../lib/gcc/riscv-nuclei-elf/9.2.0/../../../../riscv-nuclei-elf/lib/rv32imac/ilp32\libg_nano.a(lib_a-init.o)
 .riscv.attributes
                0x0000000000000301       0x2b d:/nuclei_studio/nucleistudio/toolchain/gcc/bin/../lib/gcc/riscv-nuclei-elf/9.2.0/../../../../riscv-nuclei-elf/lib/rv32imac/ilp32\libg_nano.a(lib_a-printf.o)
 .riscv.attributes
                0x000000000000032c       0x2b d:/nuclei_studio/nucleistudio/toolchain/gcc/bin/../lib/gcc/riscv-nuclei-elf/9.2.0/../../../../riscv-nuclei-elf/lib/rv32imac/ilp32\libg_nano.a(lib_a-putchar.o)
 .riscv.attributes
                0x0000000000000357       0x2b d:/nuclei_studio/nucleistudio/toolchain/gcc/bin/../lib/gcc/riscv-nuclei-elf/9.2.0/../../../../riscv-nuclei-elf/lib/rv32imac/ilp32\libg_nano.a(lib_a-putc.o)
 .riscv.attributes
                0x0000000000000382       0x2b d:/nuclei_studio/nucleistudio/toolchain/gcc/bin/../lib/gcc/riscv-nuclei-elf/9.2.0/../../../../riscv-nuclei-elf/lib/rv32imac/ilp32\libg_nano.a(lib_a-puts.o)
 .riscv.attributes
                0x00000000000003ad       0x2b d:/nuclei_studio/nucleistudio/toolchain/gcc/bin/../lib/gcc/riscv-nuclei-elf/9.2.0/../../../../riscv-nuclei-elf/lib/rv32imac/ilp32\libg_nano.a(lib_a-reent.o)
 .riscv.attributes
                0x00000000000003d8       0x2b d:/nuclei_studio/nucleistudio/toolchain/gcc/bin/../lib/gcc/riscv-nuclei-elf/9.2.0/../../../../riscv-nuclei-elf/lib/rv32imac/ilp32\libg_nano.a(lib_a-sysisatty.o)
 .riscv.attributes
                0x0000000000000403       0x2b d:/nuclei_studio/nucleistudio/toolchain/gcc/bin/../lib/gcc/riscv-nuclei-elf/9.2.0/../../../../riscv-nuclei-elf/lib/rv32imac/ilp32\libg_nano.a(lib_a-wbuf.o)
 .riscv.attributes
                0x000000000000042e       0x2b d:/nuclei_studio/nucleistudio/toolchain/gcc/bin/../lib/gcc/riscv-nuclei-elf/9.2.0/../../../../riscv-nuclei-elf/lib/rv32imac/ilp32\libg_nano.a(lib_a-wsetup.o)
 .riscv.attributes
                0x0000000000000459       0x2b d:/nuclei_studio/nucleistudio/toolchain/gcc/bin/../lib/gcc/riscv-nuclei-elf/9.2.0/../../../../riscv-nuclei-elf/lib/rv32imac/ilp32\libg_nano.a(lib_a-__atexit.o)
 .riscv.attributes
                0x0000000000000484       0x2b d:/nuclei_studio/nucleistudio/toolchain/gcc/bin/../lib/gcc/riscv-nuclei-elf/9.2.0/../../../../riscv-nuclei-elf/lib/rv32imac/ilp32\libg_nano.a(lib_a-__call_atexit.o)
 .riscv.attributes
                0x00000000000004af       0x2b d:/nuclei_studio/nucleistudio/toolchain/gcc/bin/../lib/gcc/riscv-nuclei-elf/9.2.0/../../../../riscv-nuclei-elf/lib/rv32imac/ilp32\libg_nano.a(lib_a-fflush.o)
 .riscv.attributes
                0x00000000000004da       0x2b d:/nuclei_studio/nucleistudio/toolchain/gcc/bin/../lib/gcc/riscv-nuclei-elf/9.2.0/../../../../riscv-nuclei-elf/lib/rv32imac/ilp32\libg_nano.a(lib_a-findfp.o)
 .riscv.attributes
                0x0000000000000505       0x2b d:/nuclei_studio/nucleistudio/toolchain/gcc/bin/../lib/gcc/riscv-nuclei-elf/9.2.0/../../../../riscv-nuclei-elf/lib/rv32imac/ilp32\libg_nano.a(lib_a-fwalk.o)
 .riscv.attributes
                0x0000000000000530       0x2b d:/nuclei_studio/nucleistudio/toolchain/gcc/bin/../lib/gcc/riscv-nuclei-elf/9.2.0/../../../../riscv-nuclei-elf/lib/rv32imac/ilp32\libg_nano.a(lib_a-impure.o)
 .riscv.attributes
                0x000000000000055b       0x2b d:/nuclei_studio/nucleistudio/toolchain/gcc/bin/../lib/gcc/riscv-nuclei-elf/9.2.0/../../../../riscv-nuclei-elf/lib/rv32imac/ilp32\libg_nano.a(lib_a-makebuf.o)
 .riscv.attributes
                0x0000000000000586       0x29 d:/nuclei_studio/nucleistudio/toolchain/gcc/bin/../lib/gcc/riscv-nuclei-elf/9.2.0/../../../../riscv-nuclei-elf/lib/rv32imac/ilp32\libg_nano.a(lib_a-memset.o)
 .riscv.attributes
                0x00000000000005af       0x2b d:/nuclei_studio/nucleistudio/toolchain/gcc/bin/../lib/gcc/riscv-nuclei-elf/9.2.0/../../../../riscv-nuclei-elf/lib/rv32imac/ilp32\libg_nano.a(lib_a-nano-freer.o)
 .riscv.attributes
                0x00000000000005da       0x2b d:/nuclei_studio/nucleistudio/toolchain/gcc/bin/../lib/gcc/riscv-nuclei-elf/9.2.0/../../../../riscv-nuclei-elf/lib/rv32imac/ilp32\libg_nano.a(lib_a-nano-mallocr.o)
 .riscv.attributes
                0x0000000000000605       0x2b d:/nuclei_studio/nucleistudio/toolchain/gcc/bin/../lib/gcc/riscv-nuclei-elf/9.2.0/../../../../riscv-nuclei-elf/lib/rv32imac/ilp32\libg_nano.a(lib_a-nano-vfprintf.o)
 .riscv.attributes
                0x0000000000000630       0x2b d:/nuclei_studio/nucleistudio/toolchain/gcc/bin/../lib/gcc/riscv-nuclei-elf/9.2.0/../../../../riscv-nuclei-elf/lib/rv32imac/ilp32\libg_nano.a(lib_a-sbrkr.o)
 .riscv.attributes
                0x000000000000065b       0x2b d:/nuclei_studio/nucleistudio/toolchain/gcc/bin/../lib/gcc/riscv-nuclei-elf/9.2.0/../../../../riscv-nuclei-elf/lib/rv32imac/ilp32\libg_nano.a(lib_a-stdio.o)
 .riscv.attributes
                0x0000000000000686       0x2b d:/nuclei_studio/nucleistudio/toolchain/gcc/bin/../lib/gcc/riscv-nuclei-elf/9.2.0/../../../../riscv-nuclei-elf/lib/rv32imac/ilp32\libg_nano.a(lib_a-writer.o)
 .riscv.attributes
                0x00000000000006b1       0x2b d:/nuclei_studio/nucleistudio/toolchain/gcc/bin/../lib/gcc/riscv-nuclei-elf/9.2.0/../../../../riscv-nuclei-elf/lib/rv32imac/ilp32\libg_nano.a(lib_a-closer.o)
 .riscv.attributes
                0x00000000000006dc       0x2b d:/nuclei_studio/nucleistudio/toolchain/gcc/bin/../lib/gcc/riscv-nuclei-elf/9.2.0/../../../../riscv-nuclei-elf/lib/rv32imac/ilp32\libg_nano.a(lib_a-fstatr.o)
 .riscv.attributes
                0x0000000000000707       0x2b d:/nuclei_studio/nucleistudio/toolchain/gcc/bin/../lib/gcc/riscv-nuclei-elf/9.2.0/../../../../riscv-nuclei-elf/lib/rv32imac/ilp32\libg_nano.a(lib_a-isattyr.o)
 .riscv.attributes
                0x0000000000000732       0x2b d:/nuclei_studio/nucleistudio/toolchain/gcc/bin/../lib/gcc/riscv-nuclei-elf/9.2.0/../../../../riscv-nuclei-elf/lib/rv32imac/ilp32\libg_nano.a(lib_a-lseekr.o)
 .riscv.attributes
                0x000000000000075d       0x2b d:/nuclei_studio/nucleistudio/toolchain/gcc/bin/../lib/gcc/riscv-nuclei-elf/9.2.0/../../../../riscv-nuclei-elf/lib/rv32imac/ilp32\libg_nano.a(lib_a-memchr.o)
 .riscv.attributes
                0x0000000000000788       0x2b d:/nuclei_studio/nucleistudio/toolchain/gcc/bin/../lib/gcc/riscv-nuclei-elf/9.2.0/../../../../riscv-nuclei-elf/lib/rv32imac/ilp32\libg_nano.a(lib_a-mlock.o)
 .riscv.attributes
                0x00000000000007b3       0x2b d:/nuclei_studio/nucleistudio/toolchain/gcc/bin/../lib/gcc/riscv-nuclei-elf/9.2.0/../../../../riscv-nuclei-elf/lib/rv32imac/ilp32\libg_nano.a(lib_a-nano-vfprintf_i.o)
 .riscv.attributes
                0x00000000000007de       0x2b d:/nuclei_studio/nucleistudio/toolchain/gcc/bin/../lib/gcc/riscv-nuclei-elf/9.2.0/../../../../riscv-nuclei-elf/lib/rv32imac/ilp32\libg_nano.a(lib_a-readr.o)

.debug_frame    0x0000000000000000      0xeac
 .debug_frame   0x0000000000000000       0x34 ./hbird_sdk/SoC/hbirdv2/Common/Source/Stubs/close.o
 .debug_frame   0x0000000000000034       0x34 ./hbird_sdk/SoC/hbirdv2/Common/Source/Stubs/fstat.o
 .debug_frame   0x0000000000000068       0x34 ./hbird_sdk/SoC/hbirdv2/Common/Source/Stubs/isatty.o
 .debug_frame   0x000000000000009c       0x34 ./hbird_sdk/SoC/hbirdv2/Common/Source/Stubs/lseek.o
 .debug_frame   0x00000000000000d0       0x38 ./hbird_sdk/SoC/hbirdv2/Common/Source/Stubs/read.o
 .debug_frame   0x0000000000000108       0x34 ./hbird_sdk/SoC/hbirdv2/Common/Source/Stubs/sbrk.o
 .debug_frame   0x000000000000013c       0x38 ./hbird_sdk/SoC/hbirdv2/Common/Source/Stubs/write.o
 .debug_frame   0x0000000000000174      0x154 ./hbird_sdk/SoC/hbirdv2/Common/Source/Drivers/hbirdv2_gpio.o
 .debug_frame   0x00000000000002c8      0x254 ./hbird_sdk/SoC/hbirdv2/Common/Source/Drivers/hbirdv2_uart.o
 .debug_frame   0x000000000000051c       0xb0 ./hbird_sdk/SoC/hbirdv2/Common/Source/hbirdv2_common.o
 .debug_frame   0x00000000000005cc      0x328 ./hbird_sdk/SoC/hbirdv2/Common/Source/system_hbirdv2.o
 .debug_frame   0x00000000000008f4      0x2a0 ./application/main.o
 .debug_frame   0x0000000000000b94      0x318 ./application/tinyaes_c.o

.debug_loc      0x0000000000000000      0xbfe
 .debug_loc     0x0000000000000000      0xbfe d:/nuclei_studio/nucleistudio/toolchain/gcc/bin/../lib/gcc/riscv-nuclei-elf/9.2.0/rv32imac/ilp32\libgcc.a(_udivdi3.o)
